// Jest Snapshot v1, https://goo.gl/fbAQLP

exports[`Navigation should match snapshot 1`] = `
<DocumentFragment>
  <nav
    class="navbar px-2 navbar-expand-lg navbar-dark bg-dark"
  >
    <ul
      class="navbar-nav"
    >
      <li
        class="nav-item"
      >
        <a
          aria-current="page"
          class="nav-link active"
          href="/"
        >
          Home
        </a>
      </li>
      <li
        class="nav-item"
      >
        <a
          class="nav-link"
          href="/new-user"
        >
          Add User
        </a>
      </li>
    </ul>
  </nav>
</DocumentFragment>
`;
